1 0.0000000000 0.0000000000 1000 0.8;2 0.1000000000 0.0000000000 1500 0.3;3 0.2000000000 0.0000000000 2000 0.9;4 0.3000000000 0.0000000000 2500 0.2;5 0.4000000000 0.0000000000 3000 0.7;;6 0.0000000000 0.0000000000 1200 0.6;7 0.1000000000 0.0000000000 1700 0.4;8 0.2000000000 0.0000000000 2200 0.1;9 0.3000000000 0.0000000000 2700 0.8;10 0.4000000000 0.0000000000 3200 0.5;;