{"results":[[{"duration":0.0,"label":"","time":0.034829932},{"duration":0.0,"label":"","time":1.637006803}],[{"duration":0.0,"label":"","time":0.034829932},{"duration":0.0,"label":"","time":2.194285714}]]}
