0.0348299320 0.0000000000 ;1.6370068030 0.0000000000 ;;0.0348299320 0.0000000000 ;2.1942857140 0.0000000000 ;;